// Jest Snapshot v1, https://goo.gl/fbAQLP

exports[`SideNavigationListItem Basic 1`] = `
<ui5-li-custom
  class="SideNavigationListItem-listItem-0"
  data-id="home"
  id="home"
  type="Active"
>
  <ui5-icon
    class="SideNavigationListItem-icon-0"
    name="home"
  />
  <span
    class="Text-text-0 SideNavigationListItem-text-0"
  >
    Overview
  </span>
</ui5-li-custom>
`;
