// Jest Snapshot v1, https://goo.gl/fbAQLP

exports[`NotificationOverflowAction Basic Test (generated) 1`] = `
<DocumentFragment>
  <undefined
    design="Transparent"
  />
</DocumentFragment>
`;
